111111111111111111111111111
1 1                       1111111111111111111111111111111111111111111111111
1   22      22      22    1     1      1       1      1      1     1      1
1   22      22      22    1                                        1    2 1
1           22                                                     i       
111 11      2222                                                   1    2 1
1           22            1     1      1       1      1      1     1      1
1           22            111111111111111111111111111111111111111s11    2 1
1                         1             1                       1         1
1                         1             1                       1       2 1
1                         1             1                       11111111111
1                                       1
1                                       1
1                         111111   111111
1                         111111   1
1    1 1 1                111111   1
1                         111111   1
1    1 2 1                111111   1           11111111111111
1                         1        1           1            1
1    1 1 1                1        1           1         2  1
1                         1        1111111111111            1
1                         1        s                     2  1
1                   1  iii1        1111111111111            1
1      x           1      1        1           1         2  1
1                 1       1i       1           1            1
111111111111111111111111111        1           11111111111111
